npm notice run toolidi-frontend@0.1.0 npx
npm notice run ng build --configuration production
The "@angular-devkit/build-angular:browser-esbuild" builder is deprecated as part of Angular's Webpack support deprecation. Use "@angular/build:application" instead. For more information, see https://angular.dev/tools/cli/build-system-migration.
❯ Building...
✔ Building...
Initial chunk files   | Names           |  Raw size | Estimated transfer size
chunk-88io3Z4e.js     | -               | 345.68 kB |                93.19 kB
main-WDCWQBQG.js      | main            | 280.14 kB |                62.65 kB
styles-IC3UJDCL.css   | styles          |  80.01 kB |                 9.71 kB
chunk-Dbne9CKz.js     | -               |  62.32 kB |                14.71 kB
chunk-BjIcvlQe.js     | -               |  61.45 kB |                 9.79 kB
chunk-w7BDidgy.js     | -               |  55.91 kB |                 8.45 kB
chunk-DJ1k4LNi.js     | -               |  55.81 kB |                11.24 kB
chunk-Cnh3uki1.js     | -               |  53.65 kB |                14.08 kB
polyfills-3PUNPUMQ.js | polyfills       |  34.70 kB |                11.38 kB
chunk-BI2qJM-E.js     | -               |  10.86 kB |                 3.15 kB
chunk-CunsZFBC.js     | -               |   3.44 kB |                 1.09 kB
chunk-Cv2LsIT3.js     | -               |   2.02 kB |               792 bytes

                      | Initial total   |   1.05 MB |               240.24 kB

Lazy chunk files      | Names           |  Raw size | Estimated transfer size
chunk-iFKDHE7c2.js    | admin-module    | 350.04 kB |                58.25 kB
chunk-C5_RhkK9.js     | -               | 263.48 kB |                45.23 kB
chunk-llm7tNsg.js     | home-module     | 239.35 kB |                43.23 kB
chunk-DQrARXYJ.js     | auth-module     | 167.75 kB |                27.48 kB
chunk-Cgj7iMMa2.js    | seller-module   | 138.16 kB |                26.03 kB
chunk-D5lncrCg.js     | product-module  |  89.92 kB |                17.35 kB
chunk-BbWasRu3.js     | supplier-module |  73.84 kB |                15.48 kB
chunk-BAQOR8Zb.js     | profile-module  |  44.94 kB |                 9.88 kB
chunk-C0WafvHE.js     | -               |  44.80 kB |                 9.52 kB
chunk-Dr6gdlAz2.js    | checkout-module |  44.68 kB |                10.61 kB
chunk-CecStX1z.js     | -               |  39.30 kB |                 7.24 kB
chunk-Di1_9YSv.js     | -               |  37.02 kB |                 6.37 kB
chunk-ClPtC5Vz.js     | -               |  36.19 kB |                 6.83 kB
chunk-CQ3X68yD2.js    | cart-module     |  32.39 kB |                 7.40 kB
chunk-BgRYLoqT.js     | -               |  30.66 kB |                 4.79 kB
...and 30 more lazy chunks files. Use "--verbose" to show all the files.

Application bundle generation complete. [14.783 seconds] - 2026-09-08T07:49:28.056Z

[33m▲ [43;33m[[43;30mWARNING[43;33m][0m [1mNG8113: NgForOf is not used within the template of BuyerBenefitsComponent[0m [1m[35m[plugin angular-compiler][0m

    src/app/features/landing/buyer-benefits/buyer-benefits.component.ts:27:26:
[37m      27 │     imports: [RouterLink, [32mNgFor[37m, DecimalPipe, MatButtonModule, Mat...
         ╵                           [32m~~~~~[0m


[33m▲ [43;33m[[43;30mWARNING[43;33m][0m [1mNG8113: NgForOf is not used within the template of SellerBenefitsComponent[0m [1m[35m[plugin angular-compiler][0m

    src/app/features/landing/seller-benefits/seller-benefits.component.ts:27:26:
[37m      27 │     imports: [RouterLink, [32mNgFor[37m, DecimalPipe, MatButtonModule, Mat...
         ╵                           [32m~~~~~[0m


[33m▲ [43;33m[[43;30mWARNING[43;33m][0m [1mNG8113: NgForOf is not used within the template of SupplierBenefitsComponent[0m [1m[35m[plugin angular-compiler][0m

    src/app/features/landing/supplier-benefits/supplier-benefits.component.ts:27:26:
[37m      27 │     imports: [RouterLink, [32mNgFor[37m, DecimalPipe, MatButtonModule, Mat...
         ╵                           [32m~~~~~[0m


[33m▲ [43;33m[[43;30mWARNING[43;33m][0m [1mNG8113: DecimalPipe is not used within the template of RefundPolicySummaryComponent[0m [1m[35m[plugin angular-compiler][0m

    src/app/features/product/product-info/refund-policy-summary.component.ts:23:2:
[37m      23 │   [32mDecimalPipe[37m,
         ╵   [32m~~~~~~~~~~~[0m


[33m▲ [43;33m[[43;30mWARNING[43;33m][0m [1mNG8113: NgIf is not used within the template of RefundPolicySummaryComponent[0m [1m[35m[plugin angular-compiler][0m

    src/app/features/product/product-info/refund-policy-summary.component.ts:24:2:
[37m      24 │   [32mNgIf[37m,
         ╵   [32m~~~~[0m


[33m▲ [43;33m[[43;30mWARNING[43;33m][0m [1mNG8113: NgForOf is not used within the template of RefundPolicySummaryComponent[0m [1m[35m[plugin angular-compiler][0m

    src/app/features/product/product-info/refund-policy-summary.component.ts:25:2:
[37m      25 │   [32mNgFor[37m, MatIconModule, MatButtonModule, MatTooltipModule, MatCard...
         ╵   [32m~~~~~[0m


[33m▲ [43;33m[[43;30mWARNING[43;33m][0m [1mDeprecation[0m [1m[35m[plugin angular-sass][0m

    src/app/features/home/home.component.scss:9:8:
[37m      9 │ @import [32m[37m'./home-role-section.scss';
        ╵         [32m^[0m


  Sass @import rules are deprecated and will be removed in Dart Sass 3.0.0.
  
  More info and automated migrator: [4mhttps://sass-lang.com/d/import[0m


[33m▲ [43;33m[[43;30mWARNING[43;33m][0m [1mDeprecation[0m [1m[35m[plugin angular-sass][0m

    src/styles.scss:508:8:
[37m      508 │ @import [32m[37m'./admin-redesign';
          ╵         [32m^[0m


  Sass @import rules are deprecated and will be removed in Dart Sass 3.0.0.
  
  More info and automated migrator: [4mhttps://sass-lang.com/d/import[0m

  The plugin "angular-sass" was triggered by this import

    angular:styles/global:styles:1:8:
[37m      1 │ @import [32m'src/styles.scss'[37m;
        ╵         [32m~~~~~~~~~~~~~~~~~[0m


[33m▲ [43;33m[[43;30mWARNING[43;33m][0m [1m20 rules skipped due to selector errors:
  .sm\\:py-10 -> Unknown pseudo-class :py-10
  .sm\\:py-20 -> Unknown pseudo-class :py-20
  .sm\\:grid-cols-2 -> Unknown pseudo-class :grid-cols-2
  .sm\\:grid-cols-4 -> Unknown pseudo-class :grid-cols-4
  .sm\\:grid-cols-3 -> Unknown pseudo-class :grid-cols-3
  .sm\\:text-base -> Unknown pseudo-class :text-base
  .sm\\:text-3xl -> Unknown pseudo-class :text-3xl
  .sm\\:px-5 -> Unknown pseudo-class :px-5
  .sm\\:gap-4 -> Unknown pseudo-class :gap-4
  .sm\\:w-20 -> Unknown pseudo-class :w-20
  .sm\\:h-20 -> Unknown pseudo-class :h-20
  .md\\:grid-cols-2 -> Unknown pseudo-class :grid-cols-2
  .md\\:grid-cols-3 -> Unknown pseudo-class :grid-cols-3
  .lg\\:sticky -> Unknown pseudo-class :sticky
  .lg\\:top-20 -> Unknown pseudo-class :top-20
  .lg\\:self-start -> Unknown pseudo-class :self-start
  .lg\\:grid-cols-3 -> Unknown pseudo-class :grid-cols-3
  .lg\\:grid-cols-5 -> Unknown pseudo-class :grid-cols-5
  .lg\\:grid-cols-4 -> Unknown pseudo-class :grid-cols-4
  .lg\\:w-24 -> Unknown pseudo-class :w-24[0m


Output location: D:\Projects\Toolidi\frontend\dist\toolidi

